鈻?Next.js 16.1.6 (Turbopack)

  Creating an optimized production build ...
鉁?Compiled successfully in 7.8s
  Running TypeScript ...
node.exe : Failed to compile.
所在位置 行:1 字符: 1
+ & "D:\clash verge/node.exe" "D:\clash verge/node_modules/npm/bin/npx- ...
+ ~~~~~~~~~~~~~~~~~~~~~~~~~~~~~~~~~~~~~~~~~~~~~~~~~~~~~~~~~~~~~~~~~~~~~
    + CategoryInfo          : NotSpecified: (Failed to compile.:String) [], Re 
   moteException
    + FullyQualifiedErrorId : NativeCommandError
 

./src/lib/analytics.ts:49:9
Type error: Property '鏀挎不鐞嗚' is missing in type '{ 甯歌瘑鍒ゆ柇: { total: number; co
rrect: number; }; 瑷€璇悊瑙? { total: number; correct: number; }; 鏁伴噺鍏崇郴: { total:
 number; correct: number; }; 鍒ゆ柇鎺ㄧ悊: { total: number; correct: number; }; 璧勬枡鍒嗘
瀽: { total: number; correct: number; }; }' but required in type 'Record<Module,
 { total: number; correct: number; }>'.

[0m [90m 47 |[39m         correctCount[33m:[39m [35m0[39m[33m,[39m
 [90m 48 |[39m         totalTime[33m:[39m [35m0[39m[33m,[39m
[31m[1m>[22m[39m[90m 49 |[39m         moduleStats[33m:[39m {
 [90m    |[39m         [31m[1m^[22m[39m
 [90m 50 |[39m           [32m'甯歌瘑鍒ゆ柇'[39m[33m:[39m { total[33m:[39m [3
5m0[39m[33m,[39m correct[33m:[39m [35m0[39m }[33m,[39m
 [90m 51 |[39m           [32m'瑷€璇悊瑙?[39m[33m:[39m { total[33m:[39m [3
5m0[39m[33m,[39m correct[33m:[39m [35m0[39m }[33m,[39m
 [90m 52 |[39m           [32m'鏁伴噺鍏崇郴'[39m[33m:[39m { total[33m:[39m [3
5m0[39m[33m,[39m correct[33m:[39m [35m0[39m }[33m,[39m[0m
Next.js build worker exited with code: 1 and signal: null
